Error ID 1:
Description: Github Actions CI/CD error with Windows
Notes: 